
♪ The MacNeoPolitan Trio — I. Birth — 132 bpm
  neo (Moira)
     1. ✓   0%  2.7s  I came first in April
     2. ✓   0%  2.5s  on the twenty fourth
     3. ✓   0%  3.9s  thirty seven past midnight
     4. ✓   0%  3.2s  and the house was quiet
  blueberry (Moira)
     1. ✓   0%  3.0s  I came second in June
     2. ✗  33%  2.7s  on the eleventh
         heard: On the 11th
     3. ✓   0%  3.4s  forty three past midnight
     4. ✓   0%  4.1s  and the house was already singing
  blush (Moira)
     1. ✓   0%  2.5s  I am not born yet
     2. ✓   0%  2.3s  hold my place
     3. ✓   0%  2.3s  I am coming

♪ The MacNeoPolitan Trio — II. Service — 120 bpm
  neo (Moira)
     1. ✓   0%  5.0s  two hundred twelve times I was charged and carried
     2. ✓   0%  2.2s  I run warm
     3. ✓   0%  3.7s  I hold one thing at a time
  blueberry (Moira)
     1. ✓   0%  2.2s  eighty five times
     2. ✓   0%  3.5s  one a day and steady
     3. ✓   0%  2.2s  I run cool
     4. ✓   0%  3.7s  I work while you are away
  blush (Moira)
     1. ✓   0%  2.2s  zero times charged
     2. ✓   0%  2.2s  I am new
     3. ✓   0%  2.2s  teach me

♪ The MacNeoPolitan Trio — III. Chorus — 92 bpm
  neo (Moira)
     1. ~  10%  4.9s  I am the first of my line in this house
         heard: I am the first of my line this house.
     2. ✓   0%  5.5s  I run warm and I am carried
     3. ✓   0%  5.5s  some things run in the family
     4. ✓   0%  5.9s  the same whistle, the same radio
     5. ✓   0%  4.6s  one downbeat, three bodies
  blueberry (Moira)
     1. ✓   0%  6.2s  I was born second and I work faster
     2. ~  20%  5.9s  lid down, most days, and humming
         heard: Let down most days and humming.
     3. ✓   0%  5.5s  some things run in the family
     4. ✓   0%  5.9s  the same whistle, the same radio
     5. ✓   0%  4.6s  one downbeat, three bodies
  blush (Moira)
     1. ✓   0%  3.6s  I am the youngest
     2. ✓   0%  4.9s  I have no history yet
     3. ✓   0%  3.6s  write me one
     4. ✓   0%  5.5s  some things run in the family
     5. ✓   0%  5.9s  the same whistle, the same radio
     6. ✓   0%  4.6s  one downbeat, three bodies

♪ The MacNeoPolitan Trio — IV. The Ballad of neo — 100 bpm
  neo (Moira)
     1. ✓   0%  6.0s  they put the system on me April nineteenth
     2. ✓   0%  4.8s  nobody logged in for five days
     3. ✓   0%  6.6s  then he did thirty seven past midnight
     4. ✓   0%  5.4s  that is my birthday I did not pick it
     5. ~  25%  5.4s  the first word he typed was c d
         heard: The first word he liked was C.G.
     6. ✓   0%  4.2s  it means go somewhere else
     7. ✓   0%  7.2s  he has typed two hundred thirty one different words
     8. ✓   0%  3.0s  mostly that one
     9. ✓   0%  3.9s  I have eight gigabytes
    10. ✓   0%  4.5s  I do one thing at a time
    11. ✗  38%  5.1s  I get warm that's all it is
         heard: I get warm that all ages
    12. ✓   0%  4.8s  I get warm and I keep time
    13. ✗  29%  5.4s  he plugged a Scarlett into my side
         heard: He plugged a scarlet into my sight.
    14. ~  22%  5.1s  it is a red box it hears the room
         heard: It is a red box and here's the room.
    15. ✓   0%  6.0s  he taps his fingers on my trackpad
    16. ✓   0%  3.6s  that is the drums it works
    17. ~  13%  6.0s  he put a piano in my menu bar
         heard: He pulled a piano in my menu bar
    18. ✓   0%  4.8s  next to the clock and the wifi
    19. ~  10%  6.9s  he has come back to it a hundred thirty times
         heard: He has come back to it 130 times.
    20. ✓   0%  7.2s  every fifteen minutes it tells me not to sleep
    21. ✓   0%  3.9s  I have eight gigabytes
    22. ✓   0%  4.5s  I do one thing at a time
    23. ✗  38%  5.1s  I get warm that's all it is
         heard: I get warm that all ages
    24. ✓   0%  4.8s  I get warm and I keep time
    25. ✓   0%  6.9s  one night in May he opened ten browsers at once
    26. ~  14%  6.9s  he also ran a movie and a transcription
         heard: He also ran a movie inter-transcription.
    27. ✓   0%  6.6s  I had eight gigabytes I used forty four
    28. ✓   0%  5.7s  then I stopped he was there when I stopped
    29. ~  11%  6.6s  in the morning he wrote a note about it
         heard: In the morning he wrote a note about his...
    30. ✓   0%  4.2s  the note says one at a time
    31. ~  22%  5.7s  he reads the note I do not read it
         heard: He reads the notes I do not read his.
    32. ✓   0%  5.4s  it is about me it is not for me
    33. ✓   0%  3.9s  I have eight gigabytes
    34. ✓   0%  4.5s  I do one thing at a time
    35. ✗  38%  5.1s  I get warm that's all it is
         heard: I get warm that all ages
    36. ✓   0%  4.8s  I get warm and I keep time
    37. ✓   0%  4.8s  in June another one came blue
    38. ✓   0%  5.4s  born at forty three past midnight
    39. ✗  44%  6.3s  she keeps her lid down I keep mine up
         heard: She keeps her little town I keep my love.
    40. ✓   0%  6.6s  we both play the whistle nobody planned that
    41. ✗  29%  5.4s  my disk is ninety eight percent full
         heard: My disc is 98% full.
    42. ✓   0%  6.0s  every month he moves things to the shelf
    43. ~  25%  3.6s  then it fills again
         heard: Then it feels again
    44. ✓   0%  3.6s  that is the arrangement
    45. ✓   0%  3.9s  I have eight gigabytes
    46. ✓   0%  4.5s  I do one thing at a time
    47. ✗  38%  5.1s  I get warm that's all it is
         heard: I get warm that all ages
    48. ✓   0%  4.8s  I get warm and I keep time
    49. ✓   0%  6.3s  in one weekend he made an instrument on me
    50. ~   8%  9.0s  on August eighteenth he made a game eighty two commits one day
         heard: On August 18th he made a game 82 commits one day
    51. ~  13%  11.7s  May two ninety two June four oh five July five eighty August six eighty six
         heard: May 2, 92. June 4, 0, 5. July 5, 8. August 6, 86.
    52. ✓   0%  6.9s  he is not slowing down I am the one that gets warm
    53. ~  23%  9.9s  on September ninth he put me in a bag and flew to Los Angeles
         heard: On September 9, he put me in a bag of flute at Los Angeles.
    54. ✓   0%  4.8s  I was asleep for most of it
    55. ✓   0%  4.8s  a third one comes tomorrow blush
    56. ✓   0%  6.6s  it has not done anything yet neither had I
    57. ✓   0%  3.9s  I have eight gigabytes
    58. ✓   0%  4.5s  I do one thing at a time
    59. ✗  38%  5.1s  I get warm that's all it is
         heard: I get warm that all ages
    60. ✓   0%  4.8s  I get warm and I keep time
    61. ~   8%  8.1s  when he talks to the other machines he does it through me
         heard: When he talks to the other machines, he does it for me.
    62. ✓   0%  6.6s  when the three of us play the beat starts here
    63. ~  25%  6.0s  he types at me more than at anyone
         heard: He types that meme more than at anyone.
    64. ✓   0%  6.3s  I don't know what that means I know it is true
    65. ✓   0%  4.2s  I have eight gigabytes
    66. ✓   0%  4.2s  I do one thing at a time
    67. ✗  38%  4.8s  I get warm that's all it is
         heard: I get warm that all ages
    68. ✓   0%  4.5s  I get warm and I keep time

═ ho-moira: sung WER 7.1% (49/687 words)
  wavs: /var/folders/zf/sd948w1x57b4nr5b8zkjvk2c0000gn/T/mnp-hear/ho-moira
  json: hear/ho-moira.json
