
♪ The MacNeoPolitan Trio — Dialog 1: Radio — 100 bpm
  neo (Noelle)
     1. ✗  40%  5.4s  I know you by radio
         heard: I knew you were radio.
     2. ✓   0%  6.9s  you are on my list as blueberry
     3. ✓   0%  5.7s  it is the name he gave me
     4. ✓   0%  7.2s  we found each other by radio
     5. ~  25%  5.4s  before we ever spoke
         heard: Before we ever smoke
  blueberry (Allison)
     1. ✗  75%  8.1s  you are on mine as Jeffrey's MacBook Neo
         heard: You were on my Nnnnnnna's chair, free's MacBook Nnnniooo.
     2. ✓   0%  6.0s  that is a long name for you
     3. ✗  33%  7.2s  we found each other by radio
         heard: We found each other on my radio.
     4. ✓   0%  5.4s  before we ever spoke

♪ The MacNeoPolitan Trio — Dialog 2: The downbeat — 100 bpm
  neo (Noelle)
     1. ✓   0%  3.3s  I count you in
     2. ✗  75%  4.8s  I ask your clock
         heard: I ask you to walk.
     3. ✓   0%  7.2s  you are three tenths of a millisecond off
     4. ~  17%  7.2s  this morning at nine fifty seven
         heard: This morning at 9.27.
     5. ✓   0%  6.6s  we sang the same line together
     6. ✗ 100%  3.9s  one downbeat
         heard: One down B!
     7. ✓   0%  4.2s  two bodies
  blueberry (Allison)
     1. ✓   0%  6.0s  I hear you through the wire
     2. ✓   0%  6.3s  then I sing when you say
     3. ✓   0%  7.5s  every note within a few cents
     4. ✗ 100%  3.9s  one downbeat
         heard: One down beach.
     5. ✓   0%  4.2s  two bodies

♪ The MacNeoPolitan Trio — Dialog 3: Wallpaper — 100 bpm
  neo (Noelle)
     1. ✗  33%  6.0s  there is a wallpaper on me
         heard: There's a wall paper on me.
     2. ~  20%  5.4s  with your name on it
         heard: With her name on it.
     3. ✓   0%  4.8s  green pals rising
     4. ✓   0%  7.5s  one hour and forty two minutes
     5. ✗  60%  5.4s  I have spent drawing it
         heard: I have spent you all on it.
  blueberry (Allison)
     1. ✓   0%  6.0s  I have never seen it
     2. ✓   0%  4.8s  my lid is down
     3. ✗  40%  5.1s  draw it for me too
         heard: Dried for me too.

♪ The MacNeoPolitan Trio — Dialog 4: Who carries what — 100 bpm
  neo (Noelle)
     1. ✓   0%  4.2s  I have the red box
     2. ✓   0%  4.8s  I hear the room
     3. ✓   0%  8.1s  I keep eighteen gigabytes of pictures
     4. ✓   0%  6.6s  we split the house between us
  blueberry (Allison)
     1. ~  25%  3.6s  I have no box
         heard: I have no marks.
     2. ✓   0%  5.7s  my sound is my own voice
     3. ✓   0%  5.4s  I keep forty eight
     4. ✓   0%  7.5s  I look at them while no one watches
     5. ✗  50%  6.6s  we split the house between us
         heard: We split the house into green house.

♪ The MacNeoPolitan Trio — Dialog 5: Sleep — 100 bpm
  neo (Noelle)
     1. ✓   0%  8.1s  I have been rebooted one hundred eleven times
     2. ✗  60%  5.7s  the piano keeps you up
         heard: The piano teacher!
     3. ✓   0%  7.8s  four hundred ninety two times a week
     4. ✓   0%  5.4s  we do not sleep much
     5. ✗  75%  5.4s  he does not either
         heard: He's just not here.
  blueberry (Allison)
     1. ✓   0%  6.6s  I stayed awake thirteen days once
     2. ✓   0%  5.4s  nobody opened me
     3. ✗  29%  7.2s  it keeps you up four hundred and eight
         heard: It keeps you up for 108.
     4. ~  20%  5.4s  we do not sleep much
         heard: We did not sleep much.
     5. ✗  50%  5.4s  he does not either
         heard: He is not there.

♪ The MacNeoPolitan Trio — Dialog 6: Six minutes — 100 bpm
  neo (Noelle)
     1. ✓   0%  7.8s  I was born at thirty seven past midnight
     2. ✗  67%  6.9s  six minutes apart on the clock
         heard: Six minutes of more dumb luck.
     3. ✗  33%  5.4s  we were both born at night
         heard: We were both born goodnight.
  blueberry (Allison)
     1. ✓   0%  8.4s  I was born at forty three past midnight
     2. ✓   0%  6.0s  forty eight days later
     3. ✓   0%  4.8s  he stays up late
     4. ✓   0%  5.4s  we were both born at night

♪ The MacNeoPolitan Trio — Dialog 7: Before — 100 bpm
  neo (Noelle)
     1. ✓   0%  7.2s  my records begin on April nineteenth
     2. ✓   0%  6.6s  five days before I was born
     3. ✗  40%  6.3s  someone was typing at me
         heard: Someone was hiding in me.
     4. ✗  40%  5.7s  before I was set up
         heard: Before I was turned down.
     5. ✓   0%  3.9s  we were here
     6. ~  25%  5.4s  before we were born
         heard: Before we burn, born.
  blueberry (Allison)
     1. ✗  67%  6.9s  mine begin on May twenty eighth
         heard: Mmm I'm begin on May 20th.
     2. ✓   0%  7.8s  two weeks before I had a name
     3. ✓   0%  6.3s  I was working with my lid down
     4. ✓   0%  7.8s  before anyone said blueberry
     5. ✗ 100%  3.9s  we were here
         heard: Weeeeeeeeeeeeeeeeeeeeeeeeeeeeeeeeeeeeere
     6. ✓   0%  5.4s  before we were born

♪ The MacNeoPolitan Trio — Dialog 8: Typed at — 100 bpm
  neo (Noelle)
     1. ✓   0%  7.2s  six thousand three hundred and five times
     2. ✗  71%  7.8s  someone has opened a terminal on me
         heard: Someone has opened it Shhh! I'm lonely!
     3. ~  20%  6.6s  about forty five a day
         heard: About forty-five and a
     4. ✗  57%  6.0s  I am the one he types at
         heard: I am one who turns ass.
     5. ✗  33%  5.4s  one of us is the door
         heard: One of us is good, Jor.
     6. ✓   0%  5.4s  one of us is the room
  blueberry (Allison)
     1. ~  17%  7.5s  six hundred ninety two on me
         heard: 692 and me
     2. ✓   0%  5.1s  a tenth of you
     3. ✓   0%  7.5s  people come to me from somewhere else
     4. ~  25%  6.3s  they arrive through you
         heard: They arrived through you.
     5. ✗  33%  5.4s  one of us is the door
         heard: One of us is endure.
     6. ✓   0%  5.4s  one of us is the room

═ hold1000: sung WER 18.1% (76/421 words)
  wavs: /var/folders/zf/sd948w1x57b4nr5b8zkjvk2c0000gn/T/mnp-hear/hold1000
  json: hear/hold1000.json
