
♪ The MacNeoPolitan Trio — Dialog 1: Radio — 100 bpm
  neo (Noelle)
     1. ✗ 180%  5.4s  I know you by radio
         heard: I know, you bar-ar-ar-ar-ar-ar-ar-ar-ar...
     2. ✓   0%  6.9s  you are on my list as blueberry
     3. ✓   0%  5.7s  it is the name he gave me
     4. ✗  33%  7.2s  we found each other by radio
         heard: We found each other...
     5. ✓   0%  5.4s  before we ever spoke
  blueberry (Allison)
     1. ✗  75%  8.1s  you are on mine as Jeffrey's MacBook Neo
         heard: You were on my nose, jay priest's maaackbook.
     2. ✓   0%  6.0s  that is a long name for you
     3. ✗  67%  7.2s  we found each other by radio
         heard: We found nononononon on each other.
     4. ✗  75%  5.4s  before we ever spoke
         heard: the four or we ever spoke

♪ The MacNeoPolitan Trio — Dialog 2: The downbeat — 100 bpm
  neo (Noelle)
     1. ✓   0%  3.3s  I count you in
     2. ✗  50%  4.8s  I ask your clock
         heard: I ask you, claw.
     3. ✗  63%  7.2s  you are three tenths of a millisecond off
         heard: You are three, ten, and seven, and rah!
     4. ✗ 1833%  7.2s  this morning at nine fifty seven
         heard: This m-m-m-m-m-m-m-m-m-m-m-m-m-m-m-m-m-m-m-m-m-m-m-m-m-m-m-m-m-m-m-m-m-m-m-m-m-m-m-m-m-m-m-m-m-m-m-m-m-m-m-m-m-m-m-m-m-m-m-m-m-m-m-m-m-m-m-m-m-m-m-m-m-m-m-m-m-m-m-m-m-m-m-m-m-m-m-m-m-m-m-m-m-m-m-m-m-m-m-m-m-m-m-m-m-m-m-m-m-m
     5. ✗  67%  6.6s  we sang the same line together
         heard: We say I am the same in line together
     6. ✗ 300%  3.9s  one downbeat
         heard: One down down down down down bssssssssssss
     7. ✗  50%  4.2s  two bodies
         heard: Toodaboo bodies!
  blueberry (Allison)
     1. ~  17%  6.0s  I hear you through the wire
         heard: I hear you through the wall.
     2. ✓   0%  6.3s  then I sing when you say
     3. ✗ 100%  7.5s  every note within a few cents
         heard: *mumbling*
     4. ✗ 100%  3.9s  one downbeat
         heard: One dalalalan beeeeeeet.
     5. ✓   0%  4.2s  two bodies

♪ The MacNeoPolitan Trio — Dialog 3: Wallpaper — 100 bpm
  neo (Noelle)
     1. ~  17%  6.0s  there is a wallpaper on me
         heard: ♪ There is wallpaper on me ♪
     2. ✗ 100%  5.4s  with your name on it
         heard: We sure n-n-n-name on it.
     3. ✗  67%  4.8s  green pals rising
         heard: Green onion pals, rise!
     4. ✓   0%  7.5s  one hour and forty two minutes
     5. ✗ 160%  5.4s  I have spent drawing it
         heard: I have spent r-r-r-r-r-r-r on it!
  blueberry (Allison)
     1. ✗  40%  6.0s  I have never seen it
         heard: I have never seen anything in it
     2. ✗  75%  4.8s  my lid is down
         heard: My lalalalalalalalalalalalalalalalalalalalalalalala
     3. ✗  40%  5.1s  draw it for me too
         heard: Draw it for meeee.

♪ The MacNeoPolitan Trio — Dialog 4: Who carries what — 100 bpm
  neo (Noelle)
     1. ✗  60%  4.2s  I have the red box
         heard: ♪ As the red bar ♪
     2. ✓   0%  4.8s  I hear the room
     3. ~  17%  8.1s  I keep eighteen gigabytes of pictures
         heard: I keep 18 gigabuses of pictures.
     4. ✗ 233%  6.6s  we split the house between us
         heard: We split the house bit. We, ah ah ah ah ah ah ah ah ah ah ah ah.
  blueberry (Allison)
     1. ✗ 475%  3.6s  I have no box
         heard: I have no ma ma ma ma ma ma ma ma ma ma ma ma ma ma ma ma ma ma ma
     2. ✓   0%  5.7s  my sound is my own voice
     3. ~  25%  5.4s  I keep forty eight
         heard: I keep 40
     4. ✓   0%  7.5s  I look at them while no one watches
     5. ✗  83%  6.6s  we split the house between us
         heard: We splurrrrrrrrrrrrrrrrrrrrrrrr

♪ The MacNeoPolitan Trio — Dialog 5: Sleep — 100 bpm
  neo (Noelle)
     1. ✓   0%  8.1s  I have been rebooted one hundred eleven times
     2. ✓   0%  5.7s  the piano keeps you up
     3. ✗ 100%  7.8s  four hundred ninety two times a week
         heard: *mumbling*
     4. ✗ 100%  5.4s  we do not sleep much
         heard: *sings along to the song*
     5. ✓   0%  5.4s  he does not either
  blueberry (Allison)
     1. ✗ 100%  6.6s  I stayed awake thirteen days once
         heard: I stayed awake 13 days one-on-on-on-on-on
     2. ✗ 367%  5.4s  nobody opened me
         heard: No goody-o-o-o-o-o-o-o-o-opened.
     3. ✗ 143%  7.2s  it keeps you up four hundred and eight
         heard: It keeps you up for a hundred and a-a-a-a-a-a-a-a-eight.
