
♪ The MacNeoPolitan Trio — Dialog 1: Radio — 100 bpm
  neo (Noelle)
     1. ✗  60%  5.4s  I know you by radio
         heard: I know!
     2. ✗  43%  6.9s  you are on my list as blueberry
         heard: ♪ You are on my life ♪ ♪ This is Blueberry ♪
     3. ✓   0%  5.7s  it is the name he gave me
     4. ✓   0%  7.2s  we found each other by radio
     5. ✓   0%  5.4s  before we ever spoke
  blueberry (Allison)
     1. ✗  50%  8.1s  you are on mine as Jeffrey's MacBook Neo
         heard: You were on mine as Jeffrey A. Kockney.
     2. ✗  71%  6.0s  that is a long name for you
         heard: That is a long name-me-me-me-me-me for you.
     3. ✗  33%  7.2s  we found each other by radio
         heard: We found each other.
     4. ✗ 475%  5.4s  before we ever spoke
         heard: before or or we ever spell a la la la la la la la la la la la la la la la

♪ The MacNeoPolitan Trio — Dialog 2: The downbeat — 100 bpm
  neo (Noelle)
     1. ✓   0%  3.3s  I count you in
     2. ✗  50%  4.8s  I ask your clock
         heard: I ask you, claw.
     3. ~  13%  7.2s  you are three tenths of a millisecond off
         heard: You are 3/10 of a millisecond off.
     4. ✗  33%  7.2s  this morning at nine fifty seven
         heard: This morning at nine-fifties...
     5. ✓   0%  6.6s  we sang the same line together
     6. ✗ 300%  3.9s  one downbeat
         heard: One down down down down down bssssssssssss
     7. ✓   0%  4.2s  two bodies
  blueberry (Allison)
     1. ~  17%  6.0s  I hear you through the wire
         heard: I hear you through the water.
     2. ✓   0%  6.3s  then I sing when you say
     3. ✓   0%  7.5s  every note within a few cents
     4. ✗ 300%  3.9s  one downbeat
         heard: WOAH-WOAH-WOAH-WOAH-WOAH-WOAH
     5. ✓   0%  4.2s  two bodies

♪ The MacNeoPolitan Trio — Dialog 3: Wallpaper — 100 bpm
  neo (Noelle)
     1. ~  17%  6.0s  there is a wallpaper on me
         heard: ♪ There is wallpaper on me ♪
     2. ~  20%  5.4s  with your name on it
         heard: With her name on it.
     3. ✗ 233%  4.8s  green pals rising
         heard: Greer-e-e-e-el-el's rise!
     4. ~  20%  7.5s  one hour and forty two minutes
         heard: One hour and forty two...
     5. ✗ 180%  5.4s  I have spent drawing it
         heard: I HAVE SPENT RO-RO-RO-RO-RO-RO-RO ON YEET
  blueberry (Allison)
     1. ✓   0%  6.0s  I have never seen it
     2. ✗  75%  4.8s  my lid is down
         heard: My lalalalalalalalalalalalalalalalalala
     3. ✗  40%  5.1s  draw it for me too
         heard: Draw it for meeee!

♪ The MacNeoPolitan Trio — Dialog 4: Who carries what — 100 bpm
  neo (Noelle)
     1. ✗  80%  4.2s  I have the red box
         heard: Ever Red Bar
     2. ~  25%  4.8s  I hear the room
         heard: I hear the ram.
     3. ✗  33%  8.1s  I keep eighteen gigabytes of pictures
         heard: I keep 18 gigigigigigigigigigigigig ... pictures
     4. ✗  33%  6.6s  we split the house between us
         heard: We split the house bit.
  blueberry (Allison)
     1. ✓   0%  3.6s  I have no box
     2. ✗ 150%  5.7s  my sound is my own voice
         heard: My sound is mmm, my own voi-woi-woi-woi-woi-woi-woi-woi
     3. ✓   0%  5.4s  I keep forty eight
     4. ✓   0%  7.5s  I look at them while no one watches
     5. ✗  83%  6.6s  we split the house between us
         heard: We splurrrrrrrrrrrrrrrrrrrrrrrrrrrrrrrrrrrrrr!

♪ The MacNeoPolitan Trio — Dialog 5: Sleep — 100 bpm
  neo (Noelle)
     1. ✓   0%  8.1s  I have been rebooted one hundred eleven times
     2. ✗  80%  5.7s  the piano keeps you up
         heard: The P.A.N.O. keeps you up!
     3. ✗ 100%  7.8s  four hundred ninety two times a week
         heard: *sings along to the song*
     4. ✓   0%  5.4s  we do not sleep much
     5. ✓   0%  5.4s  he does not either
  blueberry (Allison)
     1. ✗ 117%  6.6s  I stayed awake thirteen days once
         heard: I stayed awake 13 days waa waa waa waa waa waa waa
     2. ✗ 167%  5.4s  nobody opened me
         heard: Nobody opened me, me, me, me, me, me.
     3. ✗  29%  7.2s  it keeps you up four hundred and eight
         heard: It keeps you up for 100 and 8.
     4. ~  20%  5.4s  we do not sleep much
         heard: We did not sleep much.
     5. ~  25%  5.4s  he does not either
         heard: He is not either.

♪ The MacNeoPolitan Trio — Dialog 6: Six minutes — 100 bpm
  neo (Noelle)
     1. ✓   0%  7.8s  I was born at thirty seven past midnight
     2. ✗  83%  6.9s  six minutes apart on the clock
         heard: Six in its mark and claw.
     3. ✓   0%  5.4s  we were both born at night
  blueberry (Allison)
     1. ✓   0%  8.4s  I was born at forty three past midnight
     2. ~  25%  6.0s  forty eight days later
         heard: 48 days lalalalalalalalalalala
     3. ~  25%  4.8s  he stays up late
         heard: He stays up!
     4. ✗ 100%  5.4s  we were both born at night
         heard: We were both born i-i-i-i-i-ight

♪ The MacNeoPolitan Trio — Dialog 7: Before — 100 bpm
  neo (Noelle)
     1. ✓   0%  7.2s  my records begin on April nineteenth
     2. ✗ 100%  6.6s  five days before I was born
         heard: *Mumbling*
     3. ✗ 180%  6.3s  someone was typing at me
         heard: Someone will tie-eye-eye-eye-ping me-me-me-me.
     4. ✗ 100%  5.7s  before I was set up
         heard: *Singing*
     5. ✗  33%  3.9s  we were here
         heard: We were...
     6. ✗  50%  5.4s  before we were born
         heard: Before we burrrrrrrrrrrrrrrr
  blueberry (Allison)
     1. ✗  33%  6.9s  mine begin on May twenty eighth
         heard: Mmm, I begin on May 28th.
     2. ✗ 100%  7.8s  two weeks before I had a name
         heard: *Singing*
     3. ✗ 100%  6.3s  I was working with my lid down
         heard: I was war-war-war-working with my l-l-l-l-down.
     4. ✓   0%  7.8s  before anyone said blueberry
     5. ✗ 100%  3.9s  we were here
         heard: Weeeeeeeeeeeeeeeeeeeeeeeeeeeeeeeeeeee
     6. ✗  50%  5.4s  before we were born
         heard: before or or we were born

♪ The MacNeoPolitan Trio — Dialog 8: Typed at — 100 bpm
  neo (Noelle)
     1. ✗ 183%  7.2s  six thousand three hundred and five times
         heard: 6,000-3,000-3,000-3,000-3,000-3,000-3,000-5 times.
     2. ✗  29%  7.8s  someone has opened a terminal on me
         heard: Someone has opened it. Criminal on me.
     3. ✗ 100%  6.6s  about forty five a day
         heard: About 45 I-I-I-I the day
     4. ~  14%  6.0s  I am the one he types at
         heard: I am the one he tarps at.
     5. ✗ 117%  5.4s  one of us is the door
         heard: One of us is dead, oh, oh, oh, oh, oh, oh.
     6. ~  17%  5.4s  one of us is the room
         heard: One of us is the realm.
