
♪ The MacNeoPolitan Trio — Dialog 1: Radio — 100 bpm
  neo (Daniel)
     1. ✗ 120%  5.4s  I know you by radio
         heard: I love you, boy. I'm right here.
     2. ~  14%  6.9s  you are on my list as blueberry
         heard: You are on my list as Bluthroy.
     3. ✓   0%  5.7s  it is the name he gave me
     4. ~  17%  7.2s  we found each other by radio
         heard: We found each other boy radio
     5. ~  25%  5.4s  before we ever spoke
         heard: before we ever spark
  blueberry (Daniel)
     1. ✓   0%  8.1s  you are on mine as Jeffrey's MacBook Neo
     2. ✓   0%  6.0s  that is a long name for you
     3. ✓   0%  7.2s  we found each other by radio
     4. ✗ 100%  5.4s  before we ever spoke
         heard: The whole universe...

♪ The MacNeoPolitan Trio — Dialog 2: The downbeat — 100 bpm
  neo (Daniel)
     1. ✗  50%  3.3s  I count you in
         heard: I found you, babe.
     2. ✗ 100%  4.8s  I ask your clock
         heard: I'll ask you... too long...
     3. ✓   0%  7.2s  you are three tenths of a millisecond off
     4. ✓   0%  7.2s  this morning at nine fifty seven
     5. ✓   0%  6.6s  we sang the same line together
     6. ✗  50%  3.9s  one downbeat
         heard: One daaaaaaaaaaaaaaaaaaaaaaaaaaaaaaaaaaaaaaaaaaaaaaaaaaaaaaaaaaaaaaaaaaaaaaaate
     7. ✓   0%  4.2s  two bodies
  blueberry (Daniel)
     1. ~  17%  6.0s  I hear you through the wire
         heard: I hear you through the mwah
     2. ✗  50%  6.3s  then I sing when you say
         heard: Then I sing one year's sake.
     3. ✓   0%  7.5s  every note within a few cents
     4. ✗  50%  3.9s  one downbeat
         heard: One daaaaaaaaaaaaaaaaaaaaaaaaaaaaaaaaaaaaaaaaaaaaaaaaaaaaaaaaaaaaaaaate
     5. ✓   0%  4.2s  two bodies

♪ The MacNeoPolitan Trio — Dialog 3: Wallpaper — 100 bpm
  neo (Daniel)
     1. ✓   0%  6.0s  there is a wallpaper on me
     2. ✓   0%  5.4s  with your name on it
     3. ✓   0%  4.8s  green pals rising
     4. ✗  60%  7.5s  one hour and forty two minutes
         heard: We're in 42 minutes.
     5. ~  20%  5.4s  I have spent drawing it
         heard: I have spent doing it.
  blueberry (Daniel)
     1. ✓   0%  6.0s  I have never seen it
     2. ✓   0%  4.8s  my lid is down
     3. ✓   0%  5.1s  draw it for me too

♪ The MacNeoPolitan Trio — Dialog 4: Who carries what — 100 bpm
  neo (Daniel)
     1. ~  20%  4.2s  I have the red box
         heard: I have a red box.
     2. ~  25%  4.8s  I hear the room
         heard: I hear the rrrrrrrrrrrrrrrrrrrrrrrrrrrrrrrrrr
     3. ✗  50%  8.1s  I keep eighteen gigabytes of pictures
         heard: I keep hating you, bytes of pictures!
     4. ✓   0%  6.6s  we split the house between us
  blueberry (Daniel)
     1. ✓   0%  3.6s  I have no box
     2. ✓   0%  5.7s  my sound is my own voice
     3. ✓   0%  5.4s  I keep forty eight
     4. ✓   0%  7.5s  I look at them while no one watches
     5. ✓   0%  6.6s  we split the house between us

♪ The MacNeoPolitan Trio — Dialog 5: Sleep — 100 bpm
  neo (Daniel)
     1. ✓   0%  8.1s  I have been rebooted one hundred eleven times
     2. ~  20%  5.7s  the piano keeps you up
         heard: The piano eats you up.
     3. ✗  29%  7.8s  four hundred ninety two times a week
         heard: 492 times awake
     4. ~  20%  5.4s  we do not sleep much
         heard: We do not sleep
     5. ✗  50%  5.4s  he does not either
         heard: It is not either...
  blueberry (Daniel)
     1. ✗  33%  6.6s  I stayed awake thirteen days once
         heard: I stayed awake 13 days of want.
     2. ✗  67%  5.4s  nobody opened me
         heard: Nobody even made...
     3. ✓   0%  7.2s  it keeps you up four hundred and eight
     4. ✓   0%  5.4s  we do not sleep much
     5. ✓   0%  5.4s  he does not either

♪ The MacNeoPolitan Trio — Dialog 6: Six minutes — 100 bpm
  neo (Daniel)
     1. ✓   0%  7.8s  I was born at thirty seven past midnight
     2. ✗  33%  6.9s  six minutes apart on the clock
         heard: Six minutes is upon the clock.
     3. ✓   0%  5.4s  we were both born at night
  blueberry (Daniel)
     1. ✓   0%  8.4s  I was born at forty three past midnight
     2. ✓   0%  6.0s  forty eight days later
     3. ✗ 100%  4.8s  he stays up late
         heard: East Asia, liiiiight
     4. ✓   0%  5.4s  we were both born at night

♪ The MacNeoPolitan Trio — Dialog 7: Before — 100 bpm
  neo (Daniel)
     1. ✓   0%  7.2s  my records begin on April nineteenth
     2. ~  17%  6.6s  five days before I was born
         heard: Five days before I born.
     3. ✓   0%  6.3s  someone was typing at me
     4. ✗  40%  5.7s  before I was set up
         heard: before I was sick
     5. ✓   0%  3.9s  we were here
     6. ✗ 200%  5.4s  before we were born
         heard: B-f-f-f-f-f-f-f
  blueberry (Daniel)
     1. ✗  33%  6.9s  mine begin on May twenty eighth
         heard: Minebuggy in on May 28th
     2. ✓   0%  7.8s  two weeks before I had a name
     3. ✓   0%  6.3s  I was working with my lid down
     4. ✓   0%  7.8s  before anyone said blueberry
     5. ✓   0%  3.9s  we were here
     6. ✓   0%  5.4s  before we were born

♪ The MacNeoPolitan Trio — Dialog 8: Typed at — 100 bpm
  neo (Daniel)
     1. ✓   0%  7.2s  six thousand three hundred and five times
     2. ✓   0%  7.8s  someone has opened a terminal on me
     3. ✓   0%  6.6s  about forty five a day
     4. ✗  57%  6.0s  I am the one he types at
         heard: I am the one who eats high fat.
     5. ~  17%  5.4s  one of us is the door
         heard: One of us is the...
     6. ~  17%  5.4s  one of us is the room
         heard: One of us is the rule.
  blueberry (Daniel)
     1. ✓   0%  7.5s  six hundred ninety two on me
     2. ✓   0%  5.1s  a tenth of you
     3. ✓   0%  7.5s  people come to me from somewhere else
     4. ✗  50%  6.3s  they arrive through you
         heard: They arrived through here.
     5. ✓   0%  5.4s  one of us is the door
     6. ~  17%  5.4s  one of us is the room
         heard: One of us is the rain.

═ v-daniel: sung WER 17.1% (72/421 words)
  wavs: /var/folders/zf/sd948w1x57b4nr5b8zkjvk2c0000gn/T/mnp-hear/v-daniel
  json: hear/v-daniel.json
