
♪ The MacNeoPolitan Trio — Dialog 1: Radio — 100 bpm
  neo (Fred)
     1. ✗  40%  5.4s  I know you by radio
         heard: I know you're my radio.
     2. ✗  43%  6.9s  you are on my list as blueberry
         heard: You are on my list, ass, loo, every...
     3. ✓   0%  5.7s  it is the name he gave me
     4. ✓   0%  7.2s  we found each other by radio
     5. ~  25%  5.4s  before we ever spoke
         heard: Before we ever start
  blueberry (Fred)
     1. ✗ 125%  8.1s  you are on mine as Jeffrey's MacBook Neo
         heard: You are on my knees. There is no way I could be you.
     2. ✓   0%  6.0s  that is a long name for you
     3. ✗  50%  7.2s  we found each other by radio
         heard: We found each other. I erase you.
     4. ~  25%  5.4s  before we ever spoke
         heard: Before we ever start

♪ The MacNeoPolitan Trio — Dialog 2: The downbeat — 100 bpm
  neo (Fred)
     1. ✓   0%  3.3s  I count you in
     2. ✗  50%  4.8s  I ask your clock
         heard: I ask you, why?
     3. ✗  63%  7.2s  you are three tenths of a millisecond off
         heard: You are a furry cat, seven milliseconds off.
     4. ✗  33%  7.2s  this morning at nine fifty seven
         heard: This mmm, only at 9.57.
     5. ~  17%  6.6s  we sang the same line together
         heard: We sang the same one together.
     6. ✗ 100%  3.9s  one downbeat
         heard: 1, 2, 3...
     7. ✗  50%  4.2s  two bodies
         heard: 2... 1...
  blueberry (Fred)
     1. ✓   0%  6.0s  I hear you through the wire
     2. ✓   0%  6.3s  then I sing when you say
     3. ✗  83%  7.5s  every note within a few cents
         heard: Every note will end if you sense.
     4. ✗ 100%  3.9s  one downbeat
         heard: 1, 2, 3...
     5. ✗ 150%  4.2s  two bodies
         heard: To... A... T...

♪ The MacNeoPolitan Trio — Dialog 3: Wallpaper — 100 bpm
  neo (Fred)
     1. ✓   0%  6.0s  there is a wallpaper on me
     2. ✗  60%  5.4s  with your name on it
         heard: We'll see your name on it.
     3. ✗  33%  4.8s  green pals rising
         heard: Green power's rising.
     4. ✗  60%  7.5s  one hour and forty two minutes
         heard: 1, 4, 3, 2, 1.
     5. ✗  80%  5.4s  I have spent drawing it
         heard: I am an Orion.
  blueberry (Fred)
     1. ✓   0%  6.0s  I have never seen it
     2. ✓   0%  4.8s  my lid is down
     3. ✗  60%  5.1s  draw it for me too
         heard: Right for me now.

♪ The MacNeoPolitan Trio — Dialog 4: Who carries what — 100 bpm
  neo (Fred)
     1. ✗  60%  4.2s  I have the red box
         heard: I am Red Fox.
     2. ✗  50%  4.8s  I hear the room
         heard: I hear you.
     3. ✗ 117%  8.1s  I keep eighteen gigabytes of pictures
         heard: I keep hating you so I'm some painters
     4. ✗ 100%  6.6s  we split the house between us
         heard: With little else, we'll be us.
  blueberry (Fred)
     1. ~  25%  3.6s  I have no box
         heard: I have no eyes.
     2. ~  17%  5.7s  my sound is my own voice
         heard: My sound is my only voice.
     3. ~  25%  5.4s  I keep forty eight
         heard: I.T. 48
     4. ~  13%  7.5s  I look at them while no one watches
         heard: I'll look at them while no one watches.
     5. ✗  83%  6.6s  we split the house between us
         heard: With Flutterhouse, it clean us.

♪ The MacNeoPolitan Trio — Dialog 5: Sleep — 100 bpm
  neo (Fred)
     1. ✗  63%  8.1s  I have been rebooted one hundred eleven times
         heard: I have been rebooted 100... Still I am... I'm...
     2. ✓   0%  5.7s  the piano keeps you up
     3. ✗  29%  7.8s  four hundred ninety two times a week
         heard: 492 times only.
     4. ✓   0%  5.4s  we do not sleep much
     5. ~  25%  5.4s  he does not either
         heard: It does not either.
  blueberry (Fred)
     1. ~  17%  6.6s  I stayed awake thirteen days once
         heard: I stayed away 13 days once.
     2. ✗ 200%  5.4s  nobody opened me
         heard: No, I don't do it.
     3. ✓   0%  7.2s  it keeps you up four hundred and eight
     4. ~  20%  5.4s  we do not sleep much
         heard: We do not sleep too much.
     5. ~  25%  5.4s  he does not either
         heard: It does not either.

♪ The MacNeoPolitan Trio — Dialog 6: Six minutes — 100 bpm
  neo (Fred)
     1. ✗  38%  7.8s  I was born at thirty seven past midnight
         heard: I was born at 37 past U.S. night.
     2. ✗ 100%  6.9s  six minutes apart on the clock
         heard: 6 minutes of our time like a wack
     3. ✓   0%  5.4s  we were both born at night
  blueberry (Fred)
     1. ✓   0%  8.4s  I was born at forty three past midnight
     2. ✗  50%  6.0s  forty eight days later
         heard: For the eight days later...
     3. ✗  50%  4.8s  he stays up late
         heard: He stays away.
     4. ✓   0%  5.4s  we were both born at night

♪ The MacNeoPolitan Trio — Dialog 7: Before — 100 bpm
  neo (Fred)
     1. ✓   0%  7.2s  my records begin on April nineteenth
     2. ✓   0%  6.6s  five days before I was born
     3. ✓   0%  6.3s  someone was typing at me
     4. ✗  40%  5.7s  before I was set up
         heard: Before I was dead
     5. ✓   0%  3.9s  we were here
     6. ✗ 100%  5.4s  before we were born
         heard: (nothing)
  blueberry (Fred)
     1. ✗ 117%  6.9s  mine begin on May twenty eighth
         heard: Mind the enemy to N.T.A.
     2. ~  14%  7.8s  two weeks before I had a name
         heard: Two weeks before I add a name.
     3. ✗  29%  6.3s  I was working with my lid down
         heard: I was working with my little town.
     4. ✗  50%  7.8s  before anyone said blueberry
         heard: Before anyone said hello, Harry.
     5. ✓   0%  3.9s  we were here
     6. ✗ 100%  5.4s  before we were born
         heard: (nothing)

♪ The MacNeoPolitan Trio — Dialog 8: Typed at — 100 bpm
  neo (Fred)
     1. ~  17%  7.2s  six thousand three hundred and five times
         heard: 6,300 times
     2. ✗  57%  7.8s  someone has opened a terminal on me
         heard: Someone has a... ...determinally...
     3. ✗  40%  6.6s  about forty five a day
         heard: About forty five would stay.
     4. ✗  29%  6.0s  I am the one he types at
         heard: I am the one he typeset.
     5. ✗  50%  5.4s  one of us is the door
         heard: One of us... Is it... You're...
     6. ~  17%  5.4s  one of us is the room
         heard: One of us is a room.
  blueberry (Fred)
     1. ✗  50%  7.5s  six hundred ninety two on me
         heard: 690 to 1
     2. ✗ 100%  5.1s  a tenth of you
         heard: I can't love you.
     3. ✗  57%  7.5s  people come to me from somewhere else
         heard: It all comes only from somewhere else.
     4. ~  25%  6.3s  they arrive through you
         heard: They arrived through you.
     5. ✗  67%  5.4s  one of us is the door
         heard: One of us is a... It's your...
     6. ~  17%  5.4s  one of us is the room
         heard: One of us is a room.

═ v-fred: sung WER 39.4% (166/421 words)
  wavs: /var/folders/zf/sd948w1x57b4nr5b8zkjvk2c0000gn/T/mnp-hear/v-fred
  json: hear/v-fred.json
