
♪ The MacNeoPolitan Trio — Dialog 1: Radio — 100 bpm
  neo (Kathy)
     1. ✗  60%  5.4s  I know you by radio
         heard: I know you, I erase you.
     2. ✗  29%  6.9s  you are on my list as blueberry
         heard: You're on my list as... Blue Fairy.
     3. ✗ 100%  5.7s  it is the name he gave me
         heard: *Singing*
     4. ✓   0%  7.2s  we found each other by radio
     5. ✓   0%  5.4s  before we ever spoke
  blueberry (Kathy)
     1. ✗  50%  8.1s  you are on mine as Jeffrey's MacBook Neo
         heard: You're on mine as shit, respect for you.
     2. ✓   0%  6.0s  that is a long name for you
     3. ~  17%  7.2s  we found each other by radio
         heard: We found each other by ratio.
     4. ~  25%  5.4s  before we ever spoke
         heard: Before we ever stop

♪ The MacNeoPolitan Trio — Dialog 2: The downbeat — 100 bpm
  neo (Kathy)
     1. ✗  50%  3.3s  I count you in
         heard: I have you.
     2. ✗  50%  4.8s  I ask your clock
         heard: I ask you, what?
     3. ✗  63%  7.2s  you are three tenths of a millisecond off
         heard: We are three tens of a million seconds now.
     4. ✓   0%  7.2s  this morning at nine fifty seven
     5. ✗  67%  6.6s  we sang the same line together
         heard: We sang the same one. Don't ever.
     6. ✗ 100%  3.9s  one downbeat
         heard: 1 7 8
     7. ✗ 150%  4.2s  two bodies
         heard: To what seems...
  blueberry (Kathy)
     1. ✓   0%  6.0s  I hear you through the wire
     2. ✓   0%  6.3s  then I sing when you say
     3. ✗ 100%  7.5s  every note within a few cents
         heard: Everyhow, whoever if you sense
     4. ✗ 100%  3.9s  one downbeat
         heard: 1 7 8
     5. ✗ 100%  4.2s  two bodies
         heard: two y c's

♪ The MacNeoPolitan Trio — Dialog 3: Wallpaper — 100 bpm
  neo (Kathy)
     1. ✗  67%  6.0s  there is a wallpaper on me
         heard: There is a world in front of me.
     2. ✓   0%  5.4s  with your name on it
     3. ✗ 100%  4.8s  green pals rising
         heard: Real Elle's birthday
     4. ✓   0%  7.5s  one hour and forty two minutes
     5. ✗  40%  5.4s  I have spent drawing it
         heard: I have been through it.
  blueberry (Kathy)
     1. ✓   0%  6.0s  I have never seen it
     2. ✗  50%  4.8s  my lid is down
         heard: My little diz down.
     3. ✗  40%  5.1s  draw it for me too
         heard: Right for me too.

♪ The MacNeoPolitan Trio — Dialog 4: Who carries what — 100 bpm
  neo (Kathy)
     1. ✗  40%  4.2s  I have the red box
         heard: I have red marks.
     2. ~  25%  4.8s  I hear the room
         heard: I hear room
     3. ✗  67%  8.1s  I keep eighteen gigabytes of pictures
         heard: I keep taking you by some pictures.
     4. ✓   0%  6.6s  we split the house between us
  blueberry (Kathy)
     1. ✗  50%  3.6s  I have no box
         heard: I am no fox.
     2. ✓   0%  5.7s  my sound is my own voice
     3. ✓   0%  5.4s  I keep forty eight
     4. ✓   0%  7.5s  I look at them while no one watches
     5. ✗  33%  6.6s  we split the house between us
         heard: We split house to us.

♪ The MacNeoPolitan Trio — Dialog 5: Sleep — 100 bpm
  neo (Kathy)
     1. ~  25%  8.1s  I have been rebooted one hundred eleven times
         heard: I have been rebooted for 100... billion... times.
     2. ✗ 120%  5.7s  the piano keeps you up
         heard: The T. N. O. C. T. O.
     3. ✗  29%  7.8s  four hundred ninety two times a week
         heard: 492 times only.
     4. ✓   0%  5.4s  we do not sleep much
     5. ✗  50%  5.4s  he does not either
         heard: He says not easy.
  blueberry (Kathy)
     1. ~  17%  6.6s  I stayed awake thirteen days once
         heard: I stayed awake 30 days once.
     2. ✗ 167%  5.4s  nobody opened me
         heard: No idea who to be.
     3. ✗  57%  7.2s  it keeps you up four hundred and eight
         heard: And she cheats you up for a hundred and eight.
     4. ✓   0%  5.4s  we do not sleep much
     5. ✗  50%  5.4s  he does not either
         heard: He says not easier.

♪ The MacNeoPolitan Trio — Dialog 6: Six minutes — 100 bpm
  neo (Kathy)
     1. ✗  75%  7.8s  I was born at thirty seven past midnight
         heard: I was already sympathizing with my
     2. ✗  50%  6.9s  six minutes apart on the clock
         heard: Six minutes apart, I look black.
     3. ✓   0%  5.4s  we were both born at night
  blueberry (Kathy)
     1. ✓   0%  8.4s  I was born at forty three past midnight
     2. ✓   0%  6.0s  forty eight days later
     3. ✗ 100%  4.8s  he stays up late
         heard: These days are flakey.
     4. ✓   0%  5.4s  we were both born at night

♪ The MacNeoPolitan Trio — Dialog 7: Before — 100 bpm
  neo (Kathy)
     1. ✗ 117%  7.2s  my records begin on April nineteenth
         heard: My records see in a literal life she's
     2. ✓   0%  6.6s  five days before I was born
     3. ✗ 100%  6.3s  someone was typing at me
         heard: SSSSSSSSSSSSSSSSSSSSSSSSSSSSS!!!
     4. ✗  40%  5.7s  before I was set up
         heard: Before I was killed...
     5. ✓   0%  3.9s  we were here
     6. ✗ 100%  5.4s  before we were born
         heard: (nothing)
  blueberry (Kathy)
     1. ✗ 183%  6.9s  mine begin on May twenty eighth
         heard: My D-O-N-A-S-U-N-G-A-S
     2. ✗  43%  7.8s  two weeks before I had a name
         heard: Two weeks before I became...
     3. ✗  29%  6.3s  I was working with my lid down
         heard: I was working with my little sound.
     4. ✗ 100%  7.8s  before anyone said blueberry
         heard: But for anyone's sets... Blueberry!
     5. ✓   0%  3.9s  we were here
     6. ✗ 100%  5.4s  before we were born
         heard: (nothing)

♪ The MacNeoPolitan Trio — Dialog 8: Typed at — 100 bpm
  neo (Kathy)
     1. ✓   0%  7.2s  six thousand three hundred and five times
     2. ✓   0%  7.8s  someone has opened a terminal on me
     3. ✓   0%  6.6s  about forty five a day
     4. ✗  29%  6.0s  I am the one he types at
         heard: I am the one he cited.
     5. ✗ 100%  5.4s  one of us is the door
         heard: Whenever I see you
     6. ~  17%  5.4s  one of us is the room
         heard: One of us is room.
  blueberry (Kathy)
     1. ✗  83%  7.5s  six hundred ninety two on me
         heard: 600 feet to our new league.
     2. ✗ 100%  5.1s  a tenth of you
         heard: I can't film you.
     3. ✗  29%  7.5s  people come to me from somewhere else
         heard: People come to me for us somewhere else
     4. ✗  50%  6.3s  they arrive through you
         heard: They rise for you.
     5. ✗ 100%  5.4s  one of us is the door
         heard: Whenever I sit here...
     6. ✗  83%  5.4s  one of us is the room
         heard: Whenever she's through...

═ v-kathy: sung WER 43.2% (182/421 words)
  wavs: /var/folders/zf/sd948w1x57b4nr5b8zkjvk2c0000gn/T/mnp-hear/v-kathy
  json: hear/v-kathy.json
