
♪ The MacNeoPolitan Trio — Dialog 1: Radio — 100 bpm
  neo (Samantha)
     1. ~  20%  5.4s  I know you by radio
         heard: I know you are radio
     2. ✗  29%  6.9s  you are on my list as blueberry
         heard: You are on my list, is Flubberry.
     3. ✓   0%  5.7s  it is the name he gave me
     4. ~  17%  7.2s  we found each other by radio
         heard: We found each other for radio.
     5. ✓   0%  5.4s  before we ever spoke
  blueberry (Samantha)
     1. ✗  38%  8.1s  you are on mine as Jeffrey's MacBook Neo
         heard: You are on Minus Shiv. Freeze MacBook Neo.
     2. ✓   0%  6.0s  that is a long name for you
     3. ✓   0%  7.2s  we found each other by radio
     4. ✓   0%  5.4s  before we ever spoke

♪ The MacNeoPolitan Trio — Dialog 2: The downbeat — 100 bpm
  neo (Samantha)
     1. ✓   0%  3.3s  I count you in
     2. ✓   0%  4.8s  I ask your clock
     3. ✓   0%  7.2s  you are three tenths of a millisecond off
     4. ✓   0%  7.2s  this morning at nine fifty seven
     5. ✓   0%  6.6s  we sang the same line together
     6. ✗ 100%  3.9s  one downbeat
         heard: One down beat.
     7. ✓   0%  4.2s  two bodies
  blueberry (Samantha)
     1. ✓   0%  6.0s  I hear you through the wire
     2. ✓   0%  6.3s  then I sing when you say
     3. ✓   0%  7.5s  every note within a few cents
     4. ✗ 100%  3.9s  one downbeat
         heard: One down beat
     5. ✓   0%  4.2s  two bodies

♪ The MacNeoPolitan Trio — Dialog 3: Wallpaper — 100 bpm
  neo (Samantha)
     1. ✗  50%  6.0s  there is a wallpaper on me
         heard: There is a wall, yay, from me.
     2. ✓   0%  5.4s  with your name on it
     3. ✗  67%  4.8s  green pals rising
         heard: Green Pals, Rice, Sing
     4. ✓   0%  7.5s  one hour and forty two minutes
     5. ~  20%  5.4s  I have spent drawing it
         heard: I have spent trying it.
  blueberry (Samantha)
     1. ✓   0%  6.0s  I have never seen it
     2. ✓   0%  4.8s  my lid is down
     3. ✓   0%  5.1s  draw it for me too

♪ The MacNeoPolitan Trio — Dialog 4: Who carries what — 100 bpm
  neo (Samantha)
     1. ~  20%  4.2s  I have the red box
         heard: I have the red fox.
     2. ✓   0%  4.8s  I hear the room
     3. ✓   0%  8.1s  I keep eighteen gigabytes of pictures
     4. ✓   0%  6.6s  we split the house between us
  blueberry (Samantha)
     1. ✓   0%  3.6s  I have no box
     2. ✓   0%  5.7s  my sound is my own voice
     3. ✓   0%  5.4s  I keep forty eight
     4. ~  25%  7.5s  I look at them while no one watches
         heard: I look good while no one watches.
     5. ✓   0%  6.6s  we split the house between us

♪ The MacNeoPolitan Trio — Dialog 5: Sleep — 100 bpm
  neo (Samantha)
     1. ✓   0%  8.1s  I have been rebooted one hundred eleven times
     2. ✓   0%  5.7s  the piano keeps you up
     3. ✓   0%  7.8s  four hundred ninety two times a week
     4. ✓   0%  5.4s  we do not sleep much
     5. ✓   0%  5.4s  he does not either
  blueberry (Samantha)
     1. ✓   0%  6.6s  I stayed awake thirteen days once
     2. ✓   0%  5.4s  nobody opened me
     3. ✓   0%  7.2s  it keeps you up four hundred and eight
     4. ✓   0%  5.4s  we do not sleep much
     5. ✓   0%  5.4s  he does not either

♪ The MacNeoPolitan Trio — Dialog 6: Six minutes — 100 bpm
  neo (Samantha)
     1. ✓   0%  7.8s  I was born at thirty seven past midnight
     2. ✓   0%  6.9s  six minutes apart on the clock
     3. ✓   0%  5.4s  we were both born at night
  blueberry (Samantha)
     1. ✓   0%  8.4s  I was born at forty three past midnight
     2. ✓   0%  6.0s  forty eight days later
     3. ✓   0%  4.8s  he stays up late
     4. ✓   0%  5.4s  we were both born at night

♪ The MacNeoPolitan Trio — Dialog 7: Before — 100 bpm
  neo (Samantha)
     1. ~  17%  7.2s  my records begin on April nineteenth
         heard: My record's vegan on April 19th.
     2. ✓   0%  6.6s  five days before I was born
     3. ✓   0%  6.3s  someone was typing at me
     4. ✓   0%  5.7s  before I was set up
     5. ✓   0%  3.9s  we were here
     6. ✓   0%  5.4s  before we were born
  blueberry (Samantha)
     1. ✓   0%  6.9s  mine begin on May twenty eighth
     2. ✓   0%  7.8s  two weeks before I had a name
     3. ✓   0%  6.3s  I was working with my lid down
     4. ✓   0%  7.8s  before anyone said blueberry
     5. ✓   0%  3.9s  we were here
     6. ✓   0%  5.4s  before we were born

♪ The MacNeoPolitan Trio — Dialog 8: Typed at — 100 bpm
  neo (Samantha)
     1. ✓   0%  7.2s  six thousand three hundred and five times
     2. ✓   0%  7.8s  someone has opened a terminal on me
     3. ✓   0%  6.6s  about forty five a day
     4. ✗  57%  6.0s  I am the one he types at
         heard: I am the one he died. I'm sad.
     5. ✓   0%  5.4s  one of us is the door
     6. ✓   0%  5.4s  one of us is the room
  blueberry (Samantha)
     1. ✓   0%  7.5s  six hundred ninety two on me
     2. ~  25%  5.1s  a tenth of you
         heard: A tenth of view.
     3. ✓   0%  7.5s  people come to me from somewhere else
     4. ~  25%  6.3s  they arrive through you
         heard: They arrived through you.
     5. ✓   0%  5.4s  one of us is the door
     6. ✓   0%  5.4s  one of us is the room

═ v-sam-hold: sung WER 6.4% (27/421 words)
  wavs: /var/folders/zf/sd948w1x57b4nr5b8zkjvk2c0000gn/T/mnp-hear/v-sam-hold
  json: hear/v-sam-hold.json
