▸ MenuBand variation 14/32 · chrome-sparrow · 1920 frames · 32.0s · 1080x1920@60
▸ MenuBand variation 2/32 · glass-orchard · 1920 frames · 32.0s · 1080x1920@60
▸ MenuBand variation 6/32 · paper-lantern · 1920 frames · 32.0s · 1080x1920@60
▸ MenuBand variation 10/32 · comet-trail · 1920 frames · 32.0s · 1080x1920@60
Truncating packet of size 8294400 to 65536
Truncating packet of size 8294400 to 65536
Truncating packet of size 8294400 to 65536
Truncating packet of size 8294400 to 65536
  0/1920 · 0s
  0/1920 · 0s
  0/1920 · 0s
  0/1920 · 0s
  150/1920 · 4s
  150/1920 · 4s
  150/1920 · 4s
  150/1920 · 4s
  300/1920 · 8s
  300/1920 · 13s
  300/1920 · 13s
  300/1920 · 15s
  450/1920 · 18s
  450/1920 · 18s
  450/1920 · 20s
  600/1920 · 21s
  600/1920 · 21s
  450/1920 · 23s
  750/1920 · 29s
  600/1920 · 31s
  750/1920 · 37s
  600/1920 · 38s
  900/1920 · 46s
  900/1920 · 55s
  750/1920 · 59s
  1050/1920 · 63s
  750/1920 · 68s
  1050/1920 · 76s
  1200/1920 · 86s
  900/1920 · 89s
  900/1920 · 99s
  1200/1920 · 101s
  1350/1920 · 111s
  1050/1920 · 122s
  1350/1920 · 127s
  1500/1920 · 132s
  1050/1920 · 132s
  1650/1920 · 139s
  1500/1920 · 143s
  1800/1920 · 146s
  1650/1920 · 150s
✓ base /Users/aesthetic/aesthetic-computer/pop/menuband/out/variations/paper-lantern/paper-lantern.mp4
▸ MenuBand variation 18/32 · orbital-pizzicato · 1920 frames · 32.0s · 1080x1920@60
Truncating packet of size 8294400 to 65536
  0/1920 · 0s
  1800/1920 · 156s
  1200/1920 · 157s
  150/1920 · 3s
✓ base /Users/aesthetic/aesthetic-computer/pop/menuband/out/variations/glass-orchard/glass-orchard.mp4
▸ MenuBand variation 22/32 · cedar-spiral · 1920 frames · 32.0s · 1080x1920@60
Truncating packet of size 8294400 to 65536
  0/1920 · 0s
  1200/1920 · 168s
  300/1920 · 13s
  150/1920 · 4s
  450/1920 · 20s
  300/1920 · 15s
  600/1920 · 27s
  450/1920 · 22s
  600/1920 · 24s
  1350/1920 · 190s
  1350/1920 · 196s
  1500/1920 · 204s
  1500/1920 · 206s
  750/1920 · 41s
  750/1920 · 54s
  1650/1920 · 214s
  1650/1920 · 216s
  1800/1920 · 225s
  900/1920 · 60s
  1800/1920 · 226s
  900/1920 · 83s
  1050/1920 · 84s
✓ base /Users/aesthetic/aesthetic-computer/pop/menuband/out/variations/chrome-sparrow/chrome-sparrow.mp4
✓ base /Users/aesthetic/aesthetic-computer/pop/menuband/out/variations/comet-trail/comet-trail.mp4
▸ MenuBand variation 30/32 · red-meridian · 1920 frames · 32.0s · 1080x1920@60
▸ MenuBand variation 26/32 · dark-bloom · 1920 frames · 32.0s · 1080x1920@60
Truncating packet of size 8294400 to 65536
Truncating packet of size 8294400 to 65536
  0/1920 · 0s
  0/1920 · 0s
  150/1920 · 4s
  150/1920 · 4s
  300/1920 · 9s
  300/1920 · 13s
  1050/1920 · 115s
  450/1920 · 18s
  450/1920 · 19s
  600/1920 · 25s
  1200/1920 · 114s
  600/1920 · 26s
  750/1920 · 29s
  900/1920 · 43s
  750/1920 · 45s
  1200/1920 · 150s
  1350/1920 · 145s
  1050/1920 · 57s
  900/1920 · 64s
  1500/1920 · 163s
  1200/1920 · 76s
  1650/1920 · 170s
  1350/1920 · 183s
  1800/1920 · 176s
  1050/1920 · 88s
  1350/1920 · 96s
  1500/1920 · 200s
✓ base /Users/aesthetic/aesthetic-computer/pop/menuband/out/variations/cedar-spiral/cedar-spiral.mp4
  1650/1920 · 213s
  1200/1920 · 118s
  1500/1920 · 118s
  1800/1920 · 223s
  1650/1920 · 128s
  1800/1920 · 138s
  1350/1920 · 146s
✓ base /Users/aesthetic/aesthetic-computer/pop/menuband/out/variations/orbital-pizzicato/orbital-pizzicato.mp4
✓ base /Users/aesthetic/aesthetic-computer/pop/menuband/out/variations/dark-bloom/dark-bloom.mp4
  1500/1920 · 161s
  1650/1920 · 170s
  1800/1920 · 179s
✓ base /Users/aesthetic/aesthetic-computer/pop/menuband/out/variations/red-meridian/red-meridian.mp4
summary selected=8 video_only=8 jobs=4 rc=0
