manifest /Users/aesthetic/aesthetic-computer/pop/menuband/variations/variations-32.json
selected 32; pending 2; existing 30; jobs 2
[00:moonlit] skip existing /Users/aesthetic/aesthetic-computer/pop/menuband/out/variations/moonlit/moonlit.mp4
[03:copper-steps] skip existing /Users/aesthetic/aesthetic-computer/pop/menuband/out/variations/copper-steps/copper-steps.mp4
[04:velvet-current] skip existing /Users/aesthetic/aesthetic-computer/pop/menuband/out/variations/velvet-current/velvet-current.mp4
[05:paper-lantern] skip existing /Users/aesthetic/aesthetic-computer/pop/menuband/out/variations/paper-lantern/paper-lantern.mp4
[06:night-ferry] skip existing /Users/aesthetic/aesthetic-computer/pop/menuband/out/variations/night-ferry/night-ferry.mp4
[07:rain-code] skip existing /Users/aesthetic/aesthetic-computer/pop/menuband/out/variations/rain-code/rain-code.mp4
[08:sunken-chapel] skip existing /Users/aesthetic/aesthetic-computer/pop/menuband/out/variations/sunken-chapel/sunken-chapel.mp4
[09:comet-trail] skip existing /Users/aesthetic/aesthetic-computer/pop/menuband/out/variations/comet-trail/comet-trail.mp4
[10:quiet-machinery] skip existing /Users/aesthetic/aesthetic-computer/pop/menuband/out/variations/quiet-machinery/quiet-machinery.mp4
[11:moss-circuit] skip existing /Users/aesthetic/aesthetic-computer/pop/menuband/out/variations/moss-circuit/moss-circuit.mp4
[12:amber-waltz] skip existing /Users/aesthetic/aesthetic-computer/pop/menuband/out/variations/amber-waltz/amber-waltz.mp4
[13:chrome-sparrow] skip existing /Users/aesthetic/aesthetic-computer/pop/menuband/out/variations/chrome-sparrow/chrome-sparrow.mp4
[14:salt-lines] skip existing /Users/aesthetic/aesthetic-computer/pop/menuband/out/variations/salt-lines/salt-lines.mp4
[15:afterimage] skip existing /Users/aesthetic/aesthetic-computer/pop/menuband/out/variations/afterimage/afterimage.mp4
[16:switchyard] skip existing /Users/aesthetic/aesthetic-computer/pop/menuband/out/variations/switchyard/switchyard.mp4
[17:orbital-pizzicato] skip existing /Users/aesthetic/aesthetic-computer/pop/menuband/out/variations/orbital-pizzicato/orbital-pizzicato.mp4
[18:low-tide] skip existing /Users/aesthetic/aesthetic-computer/pop/menuband/out/variations/low-tide/low-tide.mp4
[19:polar-bells] skip existing /Users/aesthetic/aesthetic-computer/pop/menuband/out/variations/polar-bells/polar-bells.mp4
[20:neon-canopy] skip existing /Users/aesthetic/aesthetic-computer/pop/menuband/out/variations/neon-canopy/neon-canopy.mp4
[21:cedar-spiral] skip existing /Users/aesthetic/aesthetic-computer/pop/menuband/out/variations/cedar-spiral/cedar-spiral.mp4
[22:smoke-signal] skip existing /Users/aesthetic/aesthetic-computer/pop/menuband/out/variations/smoke-signal/smoke-signal.mp4
[23:mercury-reed] skip existing /Users/aesthetic/aesthetic-computer/pop/menuband/out/variations/mercury-reed/mercury-reed.mp4
[24:threaded-air] skip existing /Users/aesthetic/aesthetic-computer/pop/menuband/out/variations/threaded-air/threaded-air.mp4
[25:dark-bloom] skip existing /Users/aesthetic/aesthetic-computer/pop/menuband/out/variations/dark-bloom/dark-bloom.mp4
[26:static-garden] skip existing /Users/aesthetic/aesthetic-computer/pop/menuband/out/variations/static-garden/static-garden.mp4
[27:tin-constellation] skip existing /Users/aesthetic/aesthetic-computer/pop/menuband/out/variations/tin-constellation/tin-constellation.mp4
[28:hollow-sun] skip existing /Users/aesthetic/aesthetic-computer/pop/menuband/out/variations/hollow-sun/hollow-sun.mp4
[29:red-meridian] skip existing /Users/aesthetic/aesthetic-computer/pop/menuband/out/variations/red-meridian/red-meridian.mp4
[30:snow-engine] skip existing /Users/aesthetic/aesthetic-computer/pop/menuband/out/variations/snow-engine/snow-engine.mp4
[31:last-light] skip existing /Users/aesthetic/aesthetic-computer/pop/menuband/out/variations/last-light/last-light.mp4
[01:glass-orchard] start Glass Orchard
[01:glass-orchard] score
[02:blue-raga] start Blue Raga
[02:blue-raga] score
[02:blue-raga:score] /Users/aesthetic/aesthetic-computer/pop/menuband/bin/render-variation-score.swift:504:13: warning: 'masterGain' was deprecated in macOS 12.0 [#DeprecatedDeclaration]
[02:blue-raga:score] 502 |                                         bankLSB: UInt8(kAUSampler_DefaultBankLSB))
[02:blue-raga:score] 503 |     sampler.stereoPan = menuBandPan(midi)
[02:blue-raga:score] 504 |     sampler.masterGain = menuBandDistanceGain(midi)
[02:blue-raga:score]     |             `- warning: 'masterGain' was deprecated in macOS 12.0 [#DeprecatedDeclaration]
[02:blue-raga:score] 505 |     engine.connect(sampler, to: toneMixer, fromBus: 0, toBus: AVAudioNodeBus(bus), format: nil)
[02:blue-raga:score] 506 |     toneSamplers[midi] = sampler
[02:blue-raga:score] 
[01:glass-orchard:score] /Users/aesthetic/aesthetic-computer/pop/menuband/bin/render-variation-score.swift:504:13: warning: 'masterGain' was deprecated in macOS 12.0 [#DeprecatedDeclaration]
[01:glass-orchard:score] 502 |                                         bankLSB: UInt8(kAUSampler_DefaultBankLSB))
[01:glass-orchard:score] 503 |     sampler.stereoPan = menuBandPan(midi)
[01:glass-orchard:score] 504 |     sampler.masterGain = menuBandDistanceGain(midi)
[01:glass-orchard:score]     |             `- warning: 'masterGain' was deprecated in macOS 12.0 [#DeprecatedDeclaration]
[01:glass-orchard:score] 505 |     engine.connect(sampler, to: toneMixer, fromBus: 0, toBus: AVAudioNodeBus(bus), format: nil)
[01:glass-orchard:score] 506 |     toneSamplers[midi] = sampler
[01:glass-orchard:score] 
[01:glass-orchard:score] 2026-07-28 16:48:01.873 swift-frontend[22866:3056641] Audio files cannot be non-interleaved. Ignoring setting AVLinearPCMIsNonInterleaved YES.
[02:blue-raga:score] 2026-07-28 16:48:01.873 swift-frontend[22867:3056640] Audio files cannot be non-interleaved. Ignoring setting AVLinearPCMIsNonInterleaved YES.
[01:glass-orchard:score] /Users/aesthetic/aesthetic-computer/pop/menuband/bin/render-variation-score.swift:513:13: warning: 'masterGain' was deprecated in macOS 12.0 [#DeprecatedDeclaration]
[01:glass-orchard:score] 511 |     try sampler.loadSoundBankInstrument(at: bank, program: 0, bankMSB: 0x78, bankLSB: 0)
[01:glass-orchard:score] 512 |     sampler.stereoPan = menuBandPan(midi)
[01:glass-orchard:score] 513 |     sampler.masterGain = menuBandDistanceGain(midi)
[01:glass-orchard:score]     |             `- warning: 'masterGain' was deprecated in macOS 12.0 [#DeprecatedDeclaration]
[01:glass-orchard:score] 514 |     engine.connect(sampler, to: drumMixer, fromBus: 0, toBus: AVAudioNodeBus(bus), format: nil)
[01:glass-orchard:score] 515 |     drumSamplers[midi] = sampler
[01:glass-orchard:score] 
[01:glass-orchard:score] [#DeprecatedDeclaration]: <https://docs.swift.org/compiler/documentation/diagnostics/deprecated-declaration>
[02:blue-raga:score] /Users/aesthetic/aesthetic-computer/pop/menuband/bin/render-variation-score.swift:513:13: warning: 'masterGain' was deprecated in macOS 12.0 [#DeprecatedDeclaration]
[02:blue-raga:score] 511 |     try sampler.loadSoundBankInstrument(at: bank, program: 0, bankMSB: 0x78, bankLSB: 0)
[02:blue-raga:score] 512 |     sampler.stereoPan = menuBandPan(midi)
[02:blue-raga:score] 513 |     sampler.masterGain = menuBandDistanceGain(midi)
[02:blue-raga:score]     |             `- warning: 'masterGain' was deprecated in macOS 12.0 [#DeprecatedDeclaration]
[02:blue-raga:score] 514 |     engine.connect(sampler, to: drumMixer, fromBus: 0, toBus: AVAudioNodeBus(bus), format: nil)
[02:blue-raga:score] 515 |     drumSamplers[midi] = sampler
[02:blue-raga:score] 
[02:blue-raga:score] [#DeprecatedDeclaration]: <https://docs.swift.org/compiler/documentation/diagnostics/deprecated-declaration>
[01:glass-orchard:score] ✓ /Users/aesthetic/aesthetic-computer/pop/menuband/out/variations/glass-orchard/glass-orchard.wav (32.00s)
[01:glass-orchard:score] ✓ /Users/aesthetic/aesthetic-computer/pop/menuband/out/variations/glass-orchard/glass-orchard.notes.json (177 events, all visual MIDI 60...83)
[01:glass-orchard:score]   #2 · 9 Celesta · 0-3 isolated shaker seeds; 3-10 celesta germ; 10-17 two-voice canopy; 17-23 rolling tom 6/8; 23-29 inverted bloom; 29-32 high suspended release · Lydian · jungle · seed 183047
[01:glass-orchard] video
[02:blue-raga:score] ✓ /Users/aesthetic/aesthetic-computer/pop/menuband/out/variations/blue-raga/blue-raga.wav (32.00s)
[02:blue-raga:score] ✓ /Users/aesthetic/aesthetic-computer/pop/menuband/out/variations/blue-raga/blue-raga.notes.json (152 events, all visual MIDI 60...83)
[02:blue-raga:score]   #3 · 105 Sitar · 0-5 hand-drum pulse; 5-12 alap-like single line; 12-20 drone ostinato with ornaments; 20-25 tabla-style tihai break; 25-30 accelerated return; 30-32 open fifth · Mixolydian · half-time · seed 662914
[02:blue-raga] video
[02:blue-raga:video] ▸ MenuBand variation 3/32 · blue-raga · 1920 frames · 32.0s · 1080x1920@60
[01:glass-orchard:video] ▸ MenuBand variation 2/32 · glass-orchard · 1920 frames · 32.0s · 1080x1920@60
[02:blue-raga:video] Truncating packet of size 8294400 to 65536
[01:glass-orchard:video] Truncating packet of size 8294400 to 65536
[02:blue-raga:video]   0/1920 · 0s
[01:glass-orchard:video]   0/1920 · 0s
[02:blue-raga:video]   150/1920 · 4s
[01:glass-orchard:video]   150/1920 · 5s
[02:blue-raga:video]   300/1920 · 13s
[01:glass-orchard:video]   300/1920 · 22s
[02:blue-raga:video]   450/1920 · 32s
[01:glass-orchard:video]   450/1920 · 34s
[01:glass-orchard:video]   600/1920 · 38s
[02:blue-raga:video]   600/1920 · 42s
[02:blue-raga:video]   750/1920 · 49s
[01:glass-orchard:video]   750/1920 · 63s
[02:blue-raga:video]   900/1920 · 71s
[01:glass-orchard:video]   900/1920 · 86s
[02:blue-raga:video]   1050/1920 · 90s
[01:glass-orchard:video]   1050/1920 · 110s
[02:blue-raga:video]   1200/1920 · 110s
[02:blue-raga:video]   1350/1920 · 136s
[01:glass-orchard:video]   1200/1920 · 138s
[02:blue-raga:video]   1500/1920 · 162s
[01:glass-orchard:video]   1350/1920 · 168s
[02:blue-raga:video]   1650/1920 · 178s
[01:glass-orchard:video]   1500/1920 · 187s
[02:blue-raga:video]   1800/1920 · 189s
[01:glass-orchard:video]   1650/1920 · 195s
[02:blue-raga:video] ✓ base /Users/aesthetic/aesthetic-computer/pop/menuband/out/variations/blue-raga/blue-raga.mp4
[02:blue-raga] done 202.1s
[01:glass-orchard:video]   1800/1920 · 203s
[01:glass-orchard:video] ✓ base /Users/aesthetic/aesthetic-computer/pop/menuband/out/variations/glass-orchard/glass-orchard.mp4
[01:glass-orchard] done 214.0s
summary selected=32 succeeded=2 skipped=30 failed=0
