Menu Band Waltzes · 3/3 pending · 3 jobs
[02-window:video] ▸ MenuBand variation 2/3 · 02-window · 3600 frames · 60.0s · 1080x1920@60
[03-ferry:video] ▸ MenuBand variation 3/3 · 03-ferry · 3600 frames · 60.0s · 1080x1920@60
[01-lantern:video] ▸ MenuBand variation 1/3 · 01-lantern · 3600 frames · 60.0s · 1080x1920@60
[01-lantern:video]   0/3600 · 0s
[02-window:video]   0/3600 · 0s
[03-ferry:video]   0/3600 · 0s
[02-window:video]   150/3600 · 17s
[01-lantern:video]   150/3600 · 17s
[03-ferry:video]   150/3600 · 18s
[01-lantern:video]   300/3600 · 35s
[02-window:video]   300/3600 · 36s
[03-ferry:video]   300/3600 · 37s
[01-lantern:video]   450/3600 · 54s
[02-window:video]   450/3600 · 57s
[03-ferry:video]   450/3600 · 57s
[01-lantern:video]   600/3600 · 73s
[02-window:video]   600/3600 · 76s
[03-ferry:video]   600/3600 · 77s
[01-lantern:video]   750/3600 · 92s
[02-window:video]   750/3600 · 94s
[03-ferry:video]   750/3600 · 96s
[01-lantern:video]   900/3600 · 110s
[02-window:video]   900/3600 · 111s
[03-ferry:video]   900/3600 · 115s
[01-lantern:video]   1050/3600 · 128s
[02-window:video]   1050/3600 · 128s
[03-ferry:video]   1050/3600 · 134s
[01-lantern:video]   1200/3600 · 144s
[02-window:video]   1200/3600 · 146s
[03-ferry:video]   1200/3600 · 154s
[01-lantern:video]   1350/3600 · 163s
[02-window:video]   1350/3600 · 165s
[03-ferry:video]   1350/3600 · 174s
[01-lantern:video]   1500/3600 · 181s
[02-window:video]   1500/3600 · 184s
[03-ferry:video]   1500/3600 · 193s
[01-lantern:video]   1650/3600 · 200s
[02-window:video]   1650/3600 · 204s
[03-ferry:video]   1650/3600 · 212s
[01-lantern:video]   1800/3600 · 218s
[02-window:video]   1800/3600 · 222s
[03-ferry:video]   1800/3600 · 231s
[01-lantern:video]   1950/3600 · 238s
[02-window:video]   1950/3600 · 242s
[03-ferry:video]   1950/3600 · 250s
[01-lantern:video]   2100/3600 · 256s
[02-window:video]   2100/3600 · 259s
[03-ferry:video]   2100/3600 · 270s
[01-lantern:video]   2250/3600 · 273s
[02-window:video]   2250/3600 · 280s
[03-ferry:video]   2250/3600 · 292s
[01-lantern:video]   2400/3600 · 292s
[02-window:video]   2400/3600 · 299s
[03-ferry:video]   2400/3600 · 311s
[01-lantern:video]   2550/3600 · 311s
[02-window:video]   2550/3600 · 318s
[01-lantern:video]   2700/3600 · 329s
[03-ferry:video]   2550/3600 · 330s
[02-window:video]   2700/3600 · 337s
[01-lantern:video]   2850/3600 · 348s
[03-ferry:video]   2700/3600 · 350s
[02-window:video]   2850/3600 · 357s
[01-lantern:video]   3000/3600 · 366s
[03-ferry:video]   2850/3600 · 369s
[02-window:video]   3000/3600 · 373s
[01-lantern:video]   3150/3600 · 383s
[03-ferry:video]   3000/3600 · 389s
[02-window:video]   3150/3600 · 392s
[01-lantern:video]   3300/3600 · 402s
[03-ferry:video]   3150/3600 · 408s
[02-window:video]   3300/3600 · 411s
[01-lantern:video]   3450/3600 · 421s
[03-ferry:video]   3300/3600 · 427s
[02-window:video]   3450/3600 · 431s
[01-lantern:video] ✓ base /Users/aesthetic/aesthetic-computer/pop/menuband/out/menu-band-waltzes/01-lantern/01-lantern.mp4
[03-ferry:video]   3450/3600 · 447s
[02-window:video] ✓ base /Users/aesthetic/aesthetic-computer/pop/menuband/out/menu-band-waltzes/02-window/02-window.mp4
[03-ferry:video] ✓ base /Users/aesthetic/aesthetic-computer/pop/menuband/out/menu-band-waltzes/03-ferry/03-ferry.mp4
✓ /Users/aesthetic/aesthetic-computer/pop/menuband/out/menu-band-waltzes/01-lantern/01-lantern.mp4
✓ /Users/aesthetic/aesthetic-computer/pop/menuband/out/menu-band-waltzes/02-window/02-window.mp4
✓ /Users/aesthetic/aesthetic-computer/pop/menuband/out/menu-band-waltzes/03-ferry/03-ferry.mp4
