Menu Band Waltzes · 3/3 pending · 3 jobs
[01-lantern:video] ▸ MenuBand variation 1/3 · 01-lantern · 3600 frames · 60.0s · 1080x1920@60
[03-ferry:video] ▸ MenuBand variation 3/3 · 03-ferry · 3600 frames · 60.0s · 1080x1920@60
[02-window:video] ▸ MenuBand variation 2/3 · 02-window · 3600 frames · 60.0s · 1080x1920@60
[01-lantern:video]   0/3600 · 0s
[02-window:video]   0/3600 · 0s
[03-ferry:video]   0/3600 · 0s
[01-lantern:video]   150/3600 · 21s
[02-window:video]   150/3600 · 21s
[03-ferry:video]   150/3600 · 22s
[01-lantern:video]   300/3600 · 43s
[02-window:video]   300/3600 · 44s
[03-ferry:video]   300/3600 · 45s
[01-lantern:video]   450/3600 · 66s
[02-window:video]   450/3600 · 68s
[03-ferry:video]   450/3600 · 69s
[01-lantern:video]   600/3600 · 88s
[02-window:video]   600/3600 · 91s
[03-ferry:video]   600/3600 · 93s
[01-lantern:video]   750/3600 · 111s
[02-window:video]   750/3600 · 114s
[03-ferry:video]   750/3600 · 117s
[01-lantern:video]   900/3600 · 134s
[02-window:video]   900/3600 · 135s
[03-ferry:video]   900/3600 · 140s
[01-lantern:video]   1050/3600 · 156s
[02-window:video]   1050/3600 · 157s
[03-ferry:video]   1050/3600 · 163s
[01-lantern:video]   1200/3600 · 176s
[02-window:video]   1200/3600 · 179s
[03-ferry:video]   1200/3600 · 187s
[01-lantern:video]   1350/3600 · 199s
[02-window:video]   1350/3600 · 202s
[03-ferry:video]   1350/3600 · 212s
[01-lantern:video]   1500/3600 · 221s
[02-window:video]   1500/3600 · 225s
[03-ferry:video]   1500/3600 · 235s
[01-lantern:video]   1650/3600 · 245s
[02-window:video]   1650/3600 · 250s
[03-ferry:video]   1650/3600 · 258s
[01-lantern:video]   1800/3600 · 267s
[02-window:video]   1800/3600 · 272s
[03-ferry:video]   1800/3600 · 281s
[01-lantern:video]   1950/3600 · 291s
[02-window:video]   1950/3600 · 296s
[03-ferry:video]   1950/3600 · 305s
[01-lantern:video]   2100/3600 · 313s
[02-window:video]   2100/3600 · 318s
[03-ferry:video]   2100/3600 · 330s
[01-lantern:video]   2250/3600 · 335s
[02-window:video]   2250/3600 · 342s
[03-ferry:video]   2250/3600 · 356s
[01-lantern:video]   2400/3600 · 358s
[02-window:video]   2400/3600 · 365s
[03-ferry:video]   2400/3600 · 379s
[01-lantern:video]   2550/3600 · 381s
[02-window:video]   2550/3600 · 389s
[03-ferry:video]   2550/3600 · 402s
[01-lantern:video]   2700/3600 · 403s
[02-window:video]   2700/3600 · 412s
[01-lantern:video]   2850/3600 · 426s
[03-ferry:video]   2700/3600 · 426s
[02-window:video]   2850/3600 · 435s
[01-lantern:video]   3000/3600 · 448s
[03-ferry:video]   2850/3600 · 451s
[02-window:video]   3000/3600 · 456s
[01-lantern:video]   3150/3600 · 469s
[03-ferry:video]   3000/3600 · 474s
[02-window:video]   3150/3600 · 479s
[01-lantern:video]   3300/3600 · 492s
[03-ferry:video]   3150/3600 · 498s
[02-window:video]   3300/3600 · 502s
[01-lantern:video]   3450/3600 · 514s
[03-ferry:video]   3300/3600 · 520s
[02-window:video]   3450/3600 · 526s
[01-lantern:video] ✓ base /Users/aesthetic/aesthetic-computer/pop/menuband/out/menu-band-waltzes/01-lantern/01-lantern.mp4
[03-ferry:video]   3450/3600 · 544s
[02-window:video] ✓ base /Users/aesthetic/aesthetic-computer/pop/menuband/out/menu-band-waltzes/02-window/02-window.mp4
[03-ferry:video] ✓ base /Users/aesthetic/aesthetic-computer/pop/menuband/out/menu-band-waltzes/03-ferry/03-ferry.mp4
✓ /Users/aesthetic/aesthetic-computer/pop/menuband/out/menu-band-waltzes/01-lantern/01-lantern.mp4
✓ /Users/aesthetic/aesthetic-computer/pop/menuband/out/menu-band-waltzes/02-window/02-window.mp4
✓ /Users/aesthetic/aesthetic-computer/pop/menuband/out/menu-band-waltzes/03-ferry/03-ferry.mp4
