Menu Band Waltzes · 3/3 pending · 3 jobs
[03-ferry:video] ▸ MenuBand variation 3/3 · 03-ferry · 3600 frames · 60.0s · 1080x1920@60
[01-lantern:video] ▸ MenuBand variation 1/3 · 01-lantern · 3600 frames · 60.0s · 1080x1920@60
[02-window:video] ▸ MenuBand variation 2/3 · 02-window · 3600 frames · 60.0s · 1080x1920@60
[01-lantern:video]   0/3600 · 0s
[02-window:video]   0/3600 · 0s
[03-ferry:video]   0/3600 · 0s
[01-lantern:video]   150/3600 · 23s
[02-window:video]   150/3600 · 23s
[03-ferry:video]   150/3600 · 24s
[01-lantern:video]   300/3600 · 46s
[02-window:video]   300/3600 · 47s
[03-ferry:video]   300/3600 · 49s
[01-lantern:video]   450/3600 · 70s
[02-window:video]   450/3600 · 73s
[03-ferry:video]   450/3600 · 76s
[01-lantern:video]   600/3600 · 94s
[02-window:video]   600/3600 · 98s
[03-ferry:video]   600/3600 · 101s
[01-lantern:video]   750/3600 · 119s
[02-window:video]   750/3600 · 122s
[03-ferry:video]   750/3600 · 127s
[01-lantern:video]   900/3600 · 142s
[02-window:video]   900/3600 · 145s
[03-ferry:video]   900/3600 · 151s
[01-lantern:video]   1050/3600 · 165s
[02-window:video]   1050/3600 · 168s
[03-ferry:video]   1050/3600 · 176s
[01-lantern:video]   1200/3600 · 187s
[02-window:video]   1200/3600 · 192s
[03-ferry:video]   1200/3600 · 202s
[01-lantern:video]   1350/3600 · 212s
[02-window:video]   1350/3600 · 216s
[03-ferry:video]   1350/3600 · 229s
[01-lantern:video]   1500/3600 · 235s
[02-window:video]   1500/3600 · 241s
[03-ferry:video]   1500/3600 · 254s
[01-lantern:video]   1650/3600 · 260s
[02-window:video]   1650/3600 · 267s
[03-ferry:video]   1650/3600 · 279s
[01-lantern:video]   1800/3600 · 284s
[02-window:video]   1800/3600 · 291s
[03-ferry:video]   1800/3600 · 304s
[01-lantern:video]   1950/3600 · 310s
[02-window:video]   1950/3600 · 316s
[03-ferry:video]   1950/3600 · 329s
[01-lantern:video]   2100/3600 · 333s
[02-window:video]   2100/3600 · 339s
[03-ferry:video]   2100/3600 · 356s
[01-lantern:video]   2250/3600 · 356s
[02-window:video]   2250/3600 · 366s
[01-lantern:video]   2400/3600 · 381s
[03-ferry:video]   2250/3600 · 383s
[02-window:video]   2400/3600 · 391s
[01-lantern:video]   2550/3600 · 405s
[03-ferry:video]   2400/3600 · 408s
[02-window:video]   2550/3600 · 416s
[01-lantern:video]   2700/3600 · 429s
[03-ferry:video]   2550/3600 · 434s
[02-window:video]   2700/3600 · 441s
[01-lantern:video]   2850/3600 · 453s
[03-ferry:video]   2700/3600 · 460s
[02-window:video]   2850/3600 · 465s
[01-lantern:video]   3000/3600 · 477s
[03-ferry:video]   2850/3600 · 486s
[02-window:video]   3000/3600 · 487s
[01-lantern:video]   3150/3600 · 499s
[03-ferry:video]   3000/3600 · 511s
[02-window:video]   3150/3600 · 512s
[01-lantern:video]   3300/3600 · 523s
[03-ferry:video]   3150/3600 · 536s
[02-window:video]   3300/3600 · 537s
[01-lantern:video]   3450/3600 · 546s
[03-ferry:video]   3300/3600 · 561s
[02-window:video]   3450/3600 · 562s
[01-lantern:video] ✓ base /Users/aesthetic/aesthetic-computer/pop/menuband/out/menu-band-waltzes/01-lantern/01-lantern.mp4
[02-window:video] ✓ base /Users/aesthetic/aesthetic-computer/pop/menuband/out/menu-band-waltzes/02-window/02-window.mp4
[03-ferry:video]   3450/3600 · 587s
[03-ferry:video] ✓ base /Users/aesthetic/aesthetic-computer/pop/menuband/out/menu-band-waltzes/03-ferry/03-ferry.mp4
✓ /Users/aesthetic/aesthetic-computer/pop/menuband/out/menu-band-waltzes/01-lantern/01-lantern.mp4
✓ /Users/aesthetic/aesthetic-computer/pop/menuband/out/menu-band-waltzes/02-window/02-window.mp4
✓ /Users/aesthetic/aesthetic-computer/pop/menuband/out/menu-band-waltzes/03-ferry/03-ferry.mp4
